// Jest Snapshot v1, https://goo.gl/fbAQLP

exports[`Navigation component should render navigation links 1`] = `
<DocumentFragment>
  <ul
    class="sc-bczRLJ bQPqtL"
  >
    <li>
      <a
        href="/link1"
      >
        Link 1
      </a>
    </li>
    <li>
      <a
        href="/link2"
      >
        Link 2
      </a>
    </li>
    <li>
      <a
        href="/link3"
      >
        Link 3
      </a>
    </li>
    <li>
      <a
        href="/link4"
      >
        Link 4
      </a>
    </li>
  </ul>
</DocumentFragment>
`;
